// Jest Snapshot v1, https://goo.gl/fbAQLP

exports[`Toggle Component Renders Correctly 1`] = `ShallowWrapper {}`;
